[19:15:42] [ServerMain/INFO]: Environment: Environment[sessionHost=https://sessionserver.mojang.com, servicesHost=https://api.minecraftservices.com, name=PROD]
[19:15:42] [ServerMain/INFO]: Loaded 1290 recipes
[19:15:43] [ServerMain/INFO]: Loaded 1399 advancements
[19:15:43] [Server thread/INFO]: Starting minecraft server version 1.21
[19:15:43] [Server thread/INFO]: Loading properties
[19:15:43] [Server thread/INFO]: This server is running Paper version 1.21-99-master@f1f01a1 (2024-07-19T19:43:35Z) (Implementing API version 1.21-R0.1-SNAPSHOT)
[19:15:43] [Server thread/INFO]: Using 4 threads for Netty based IO
[19:15:43] [Server thread/INFO]: Server Ping Player Sample Count: 12
[19:15:43] [Server thread/INFO]: [ChunkTaskScheduler] Chunk system is using 1 I/O threads, 3 worker threads, and population gen parallelism of 3 threads
[19:15:43] [Server thread/INFO]: Default game type: SURVIVAL
[19:15:43] [Server thread/INFO]: Generating keypair
[19:15:43] [Server thread/INFO]: Starting Minecraft server on *:25565
[19:15:43] [Server thread/INFO]: Using default channel type
[19:15:44] [Server thread/INFO]: Paper: Using libdeflate (macOS ARM64 / Apple Silicon) compression from Velocity.
[19:15:44] [Server thread/INFO]: Paper: Using native (macOS ARM64 / Apple Silicon) cipher from Velocity.
[19:15:44] [Server thread/INFO]: [floodgate] Loading server plugin floodgate v2.2.3-SNAPSHOT (b109-49bd564)
[19:15:45] [Server thread/INFO]: [floodgate] Took 860ms to boot Floodgate
[19:15:45] [Server thread/INFO]: [Geyser-Spigot] Loading server plugin Geyser-Spigot v2.4.0-SNAPSHOT
[19:15:46] [Server thread/INFO]: [Geyser-Spigot] Loading extensions...
[19:15:46] [Server thread/INFO]: [Geyser-Spigot] Loaded 0 extension(s)
[19:15:46] [Server thread/INFO]: Server permissions file permissions.yml is empty, ignoring it
[19:15:46] [Server thread/WARN]: **** SERVER IS RUNNING IN OFFLINE/INSECURE MODE!
[19:15:46] [Server thread/WARN]: The server will make no attempt to authenticate usernames. Beware.
[19:15:46] [Server thread/WARN]: While this makes the game possible to play without internet access, it also opens up the ability for hackers to connect with any username they choose.
[19:15:46] [Server thread/WARN]: To change this, set "online-mode" to "true" in the server.properties file.
[19:15:46] [Server thread/INFO]: Preparing level "world"
[19:15:46] [Server thread/INFO]: Preparing start region for dimension minecraft:overworld
[19:15:46] [Server thread/INFO]: Time elapsed: 510 ms
[19:15:46] [Server thread/INFO]: Preparing start region for dimension minecraft:the_nether
[19:15:46] [Server thread/INFO]: Time elapsed: 67 ms
[19:15:46] [Server thread/INFO]: Preparing start region for dimension minecraft:the_end
[19:15:46] [Server thread/INFO]: Time elapsed: 38 ms
[19:15:46] [Server thread/INFO]: [floodgate] Enabling floodgate v2.2.3-SNAPSHOT (b109-49bd564)
[19:15:47] [Server thread/INFO]: [Geyser-Spigot] Enabling Geyser-Spigot v2.4.0-SNAPSHOT
[19:15:47] [Server thread/INFO]: [Geyser-Spigot] ******************************************
[19:15:47] [Server thread/INFO]: [Geyser-Spigot] 
[19:15:47] [Server thread/INFO]: [Geyser-Spigot] Loading Geyser version 2.4.0-b612 (git-master-8fd99e1)
[19:15:47] [Server thread/INFO]: [Geyser-Spigot] 
[19:15:47] [Server thread/INFO]: [Geyser-Spigot] ******************************************
[19:15:50] [Server thread/INFO]: [Geyser-Spigot] Started Geyser on 0.0.0.0:19132
[19:15:50] [Server thread/INFO]: [Geyser-Spigot] Done (3.604s)! Run /geyser help for help!
[19:15:51] [Server thread/INFO]: Done preparing level "world" (4.816s)
[19:15:51] [Server thread/INFO]: Running delayed init tasks
[19:15:51] [Server thread/INFO]: Done (11.356s)! For help, type "help"
[19:15:51] [Server thread/INFO]: Timings Reset
[19:15:51] [ForkJoinPool.commonPool-worker-1/INFO]: [Geyser-Spigot] There's a new Geyser update available to support Bedrock version 1.21.20. Download it here: https://geysermc.org/download
[19:17:05] [Server thread/INFO]: Stopping server
[19:17:05] [Server thread/INFO]: [Geyser-Spigot] Disabling Geyser-Spigot v2.4.0-SNAPSHOT
[19:17:05] [Server thread/INFO]: [Geyser-Spigot] Shutting down Geyser.
[19:17:05] [Server thread/INFO]: [Geyser-Spigot] Geyser shutdown successfully.
[19:17:05] [Server thread/INFO]: [floodgate] Disabling floodgate v2.2.3-SNAPSHOT (b109-49bd564)
[19:17:05] [Server thread/INFO]: Saving players
[19:17:05] [Server thread/INFO]: Saving worlds
[19:17:05] [Server thread/INFO]: Saving chunks for level 'ServerLevel[world]'/minecraft:overworld
[19:17:05] [Server thread/INFO]: [ChunkHolderManager] Waiting 60s for chunk system to halt for world 'world'
[19:17:05] [Server thread/INFO]: [ChunkHolderManager] Halted chunk system for world 'world'
[19:17:05] [Server thread/INFO]: [ChunkHolderManager] Saving all chunkholders for world 'world'
[19:17:05] [WebSocketConnectReadThread-83/INFO]: [Geyser-Spigot] The skin uploader has been closed
[19:17:05] [Server thread/INFO]: [ChunkHolderManager] Saved 49 block chunks, 49 entity chunks, 0 poi chunks in world 'world' in 0.16s
[19:17:05] [Server thread/INFO]: Saving chunks for level 'ServerLevel[world_nether]'/minecraft:the_nether
[19:17:05] [Server thread/INFO]: [ChunkHolderManager] Waiting 60s for chunk system to halt for world 'world_nether'
[19:17:05] [Server thread/INFO]: [ChunkHolderManager] Halted chunk system for world 'world_nether'
[19:17:05] [Server thread/INFO]: [ChunkHolderManager] Saving all chunkholders for world 'world_nether'
[19:17:05] [Server thread/INFO]: [ChunkHolderManager] Saved 49 block chunks, 49 entity chunks, 0 poi chunks in world 'world_nether' in 0.08s
[19:17:05] [Server thread/INFO]: Saving chunks for level 'ServerLevel[world_the_end]'/minecraft:the_end
[19:17:05] [Server thread/INFO]: [ChunkHolderManager] Waiting 60s for chunk system to halt for world 'world_the_end'
[19:17:05] [Server thread/INFO]: [ChunkHolderManager] Halted chunk system for world 'world_the_end'
[19:17:05] [Server thread/INFO]: [ChunkHolderManager] Saving all chunkholders for world 'world_the_end'
[19:17:05] [Server thread/INFO]: [ChunkHolderManager] Saved 49 block chunks, 49 entity chunks, 0 poi chunks in world 'world_the_end' in 0.07s
[19:17:05] [Server thread/INFO]: ThreadedAnvilChunkStorage (world): All chunks are saved
[19:17:05] [Server thread/INFO]: ThreadedAnvilChunkStorage (DIM-1): All chunks are saved
[19:17:05] [Server thread/INFO]: ThreadedAnvilChunkStorage (DIM1): All chunks are saved
[19:17:05] [Server thread/INFO]: ThreadedAnvilChunkStorage: All dimensions are saved
